# Adi Kushnir <adikushnir@gmail.com>
# Any comment please contact to Coscell Kao <coscell@gmail.com> (2019-2)
#    Author: Bryan Quigley <bryan.quigley@canonical.com>
# Author: Debian Printing Team <debian-printing@lists.debian.org>
# Author: Gunnar Hjalmarsson <gunnarhj@ubuntu.com>
# Author: Jamie Strandboge <jamie@canonical.com>
# Author: Martin Pitt <martin.pitt@ubuntu.com>
#    Authors: Bryan Quigley <bryan.quigley@canonical.com>
#    Authors: Dustin Kirkland <kirkland@canonical.com>
#    Authors: Dustin Kirkland <kirkland@canonical.com>,
#    Authors: Jonathan Davies <jonathan.davies@canonical.com>
# Author:	"Theodore Ts'o" <tytso@mit.edu>
# be_BY@latin UTF-8
# Birkir Gunnarsson, birkir@midstod.is
#             Brian Murray <brian@canonical.com>
# BRLTTY Contraction Table - Chinese (Taiwan, uncontracted) by Coscell Kao <coscell@gmail.com> (2019-2)
#             Bryan Quigley <bryan.quigley@canonical.com>
# by Hans Schou <chlor@schou.dk> and Dave Mielke <dave@mielke.cc>
  # by systemd openvpn@.service
Comment[sr@latin]=Pokreni PulseAudio zvučni sistem
# Copyright (C) 2006 Olivier BERT <obert01@mistigri.org>
# Copyright (C) 2007 Gilles Casse <gcasse@oralux.org>
# Copyright (C) 2007 Lukas Loehrer <listaddr1@gmx.net>
# Copyright (C) 2009 Rui Batista <ruiandrebatista@gmail.com>
# Copyright (C) 2010  Alexander Kurtz <kurtz.alex@googlemail.com>
# Copyright (C) 2010 Andrei Kholodnyi <Andrei.Kholodnyi@gmail.com>
# Copyright (C) 2010 Trevor Saunders <trev.saunders@gmail.com>
# Copyright (C) 2010 William Hubbs <w.d.hubbs@gmail.com>
# Copyright (C) 2011 Rui Batista <ruiandrebatista@gmail.com>
# Copyright (C) 2012 William Jon McCann <jmccann@redhat.com>
# Copyright (C) 2014-2016 Luke Yelavich <themuso@ubuntu.com>
# Copyright (C) 2014 Hussain Jasim <hussainmkj@gmail.com>
# Copyright (C) 2014 Luke Yelavich <themuso@ubuntu.com>
# Copyright (C) 2017 Rimas Kudelis <rq@akl.lt>
# Copyright (C) 2017 Tadas Matusevičius <tadas.matus@gmail.com>
# Copyright: Copyright (c) 2008-2010, Kel Modderman <kel@otaku42.de>
# Created by John Boyer <director@chpi.org>.
# Dave Mielke <dave@mielke.cc>
           "<debian-x@lists.debian.org>."
# Edited by Eric <eric@integra-belgium.com>
file, feel free to send an e-mail to me (yan@mistigri.org), because it's
# gez_ER@abegede UTF-8
# gez_ET@abegede UTF-8
#  Kees Cook <kees@ubuntu.com>
# Maintained by: Dave Mielke <dave@mielke.cc>
# Maintained by John J. Boyer, director@chpi.org, www.chpi.org
# modeled from Russian Braille table by Victor Tsaran <vtsaran@gmail.com>
# Modified by Dave Mielke <dave@mielke.cc>
# Modified for Debian by alvar Bray <alvar@meiko.co.uk>
# Modified for openvpn by Alberto Gonzalez Iniesta <agi@inittab.org>
# MUST CHANGE: replace myusername@realm with the PPP login name given to
Name[sr@latin]=PulseAudio zvučni sistem
# nan_TW@latin UTF-8
# Originally created by Jim Knoble <jmknoble@mercury.interpath.net>
# <pkg-wpa-devel@lists.alioth.debian.org>
# <rob@mars.org>, edited by iwj and cs
# sr_RS@latin UTF-8
#  Steve Beattie <steve.beattie@canonical.com>
#             Steve Langasek <steve.langasek@canonical.com>
# Table generated by Bill Haneman <billh@gnome.org>
# Table generated by Sébastien Sablé <sable@users.sourceforge.net> for
# This software is maintained by Dave Mielke <dave@mielke.cc>.
# Tomas Mårdsjö <tomas.mardsjo@icap.nu>
# tt_RU@iqtelif UTF-8
# ug_CN@latin UTF-8
# Updated by Zsolt Torma <torma.zsolt@infoalap.hu>
user "myusername@realm"
# uz_UZ@cyrillic UTF-8
# Written by Chris Dunlap <cdunlap@llnl.gov>.
